// Jest Snapshot v1, https://goo.gl/fbAQLP

exports[`MainPage render correctly 1`] = `
<Adapter
  className="MainPage"
>
  <Sider
    theme="light"
  >
    <Menu
      mode="inline"
      onClick={[Function]}
      selectedKeys={
        Array [
          "all",
        ]
      }
    >
      <MenuItem
        key="all"
      >
        all
      </MenuItem>
      <SubMenu
        key="读书"
        title="读书"
      >
        <MenuItem
          key="摘抄"
        >
          摘抄
        </MenuItem>
        <MenuItem
          key="思路"
        >
          思路
        </MenuItem>
      </SubMenu>
    </Menu>
  </Sider>
  <Adapter>
    <Adapter
      style={
        Object {
          "background": "rgba(0, 0, 0, 0)",
          "height": 48,
        }
      }
    >
      <Input
        disabled={true}
        style={
          Object {
            "position": "absolute",
            "right": 80,
            "top": 10,
            "width": 350,
          }
        }
        type="text"
      />
      <Button
        block={false}
        disabled={true}
        ghost={false}
        htmlType="button"
        loading={false}
        onClick={[Function]}
        style={
          Object {
            "position": "absolute",
            "right": 24,
            "top": 10,
          }
        }
      >
        <Icon
          type="plus"
        />
      </Button>
    </Adapter>
    <Adapter
      style={
        Object {
          "marginLeft": 8,
        }
      }
    >
      <div
        className="main-page-content-wrapper"
        style={
          Object {
            "background": "#fff",
            "height": -138,
            "overflow": "auto",
            "padding": "8px 16px 8px 8px",
          }
        }
      />
    </Adapter>
    <Adapter
      style={
        Object {
          "textAlign": "center",
        }
      }
    >
      <div>
        你睡了一下午，醒的时候屋子里黑漆漆、一点声音都没有。抬头望望窗外，天还没完全黑。四处摸了摸，在枕头下找到手机。打开后屏幕亮起，干净，没有一条消息
      </div>
      <div>
        打开电脑，打开 github。pull request 写得很菜，连 core 都在喷你，但忽然就不孤独了
      </div>
    </Adapter>
  </Adapter>
</Adapter>
`;
