// Jest Snapshot v1, https://goo.gl/fbAQLP

exports[`MarkdownEditor render correctly 1`] = `
<MarkdownEditor
  dataSource="testDataSource"
  onSave={null}
  targetId="targetId"
>
  <Row
    gutter={16}
    style={
      Object {
        "padding": 15,
        "width": "100%",
      }
    }
  >
    <div
      className="ant-row"
      style={
        Object {
          "marginLeft": -8,
          "marginRight": -8,
          "padding": 15,
          "width": "100%",
        }
      }
    >
      <Col
        span={12}
      >
        <div
          className="ant-col ant-col-12"
          style={
            Object {
              "paddingLeft": 8,
              "paddingRight": 8,
            }
          }
        >
          <TextArea
            onChange={[Function]}
            style={
              Object {
                "fontSize": 16,
                "height": "90vh",
              }
            }
          >
            <ResizeObserver
              disabled={true}
              onResize={[Function]}
            >
              <textarea
                className="ant-input"
                onChange={[Function]}
                onKeyDown={[Function]}
                style={
                  Object {
                    "fontSize": 16,
                    "height": "90vh",
                  }
                }
                value=""
              />
            </ResizeObserver>
          </TextArea>
        </div>
      </Col>
      <Col
        span={12}
        style={
          Object {
            "fontSize": 16,
            "height": "90vh",
            "overflow": "auto",
            "paddingLeft": 24,
          }
        }
      >
        <div
          className="ant-col ant-col-12"
          style={
            Object {
              "fontSize": 16,
              "height": "90vh",
              "overflow": "auto",
              "paddingLeft": 24,
              "paddingRight": 8,
            }
          }
        >
          <_default>
            <div
              className="MarkdownDetail markdown-body"
            >
              <div
                className="wrapper"
              >
                <div
                  className="content"
                  dangerouslySetInnerHTML={
                    Object {
                      "__html": "",
                    }
                  }
                />
              </div>
            </div>
          </_default>
        </div>
      </Col>
      <Col
        push={8}
        span={8}
        style={
          Object {
            "marginTop": 24,
          }
        }
      >
        <div
          className="ant-col ant-col-8 ant-col-push-8"
          style={
            Object {
              "marginTop": 24,
              "paddingLeft": 8,
              "paddingRight": 8,
            }
          }
        >
          <Button
            block={true}
            ghost={false}
            htmlType="button"
            loading={false}
            onClick={null}
          >
            <Wave>
              <button
                className="ant-btn ant-btn-block"
                onClick={[Function]}
                type="button"
              >
                <span
                  key=".0"
                >
                  提 交
                </span>
              </button>
            </Wave>
          </Button>
        </div>
      </Col>
    </div>
  </Row>
</MarkdownEditor>
`;
