// Jest Snapshot v1, https://goo.gl/fbAQLP

exports[`MarkdownDetail render correctly 1`] = `
<Component
  dataSource="- test"
>
  <div
    className="MarkdownDetail markdown-body"
  >
    <div
      className="wrapper"
    >
      <div
        className="content"
        dangerouslySetInnerHTML={
          Object {
            "__html": "<ul>
<li>test</li>
</ul>
",
          }
        }
      />
    </div>
  </div>
</Component>
`;
