// Jest Snapshot v1, https://goo.gl/fbAQLP

exports[`MarkdownDetailDataController handleOnSave 1`] = `
<MarkdownDetailDataController>
  <_default>
    <div
      className="MarkdownDetail markdown-body"
    >
      <div
        className="wrapper"
      >
        <div
          className="content"
          dangerouslySetInnerHTML={
            Object {
              "__html": "",
            }
          }
        />
      </div>
    </div>
  </_default>
</MarkdownDetailDataController>
`;
